eeschema (2013-07-07 BZR 4022)-stable  >> Creation date: 2/19/2015 8:08:08 AM
#Cmp ( order = Reference )
| BT1        CR2032      
| C1         0.1uF       
| C2         0.1uF       
| C3         0.1uF       
| C4         0.1uF       
| C5         0.1uF       
| C6         0.1uF       
| C7         0.1uF       
| C8         0.1uF       
| C9         0.1uF       
| C10        0.1uF       
| C11        0.1uF       
| C12        0.1uF       
| C13        0.1uF       
| C14        0.1uF       
| C15        0.1uF       
| C16        0.1uF       
| C17        0.1uF       
| C18        0.1uF       
| C19        0.1uF       
| C20        0.1uF       
| C21        0.1uF       
| C22        0.1uF       
| C23        0.1uF       
| C24        0.1uF       
| C25        47uF        
| C26        10uF        
| D1         1N4148      
| D2         PWR         
| D3         HALT        
| HOLE1      CONN_1      
| HOLE2      CONN_1      
| HOLE3      CONN_1      
| HOLE4      CONN_1      
| JP1        CONFIG      
| JP2        PIN25 GND/VCC
| P1         POWER       
| P2         RESET       
| P3         SERIAL      
| P4         PARALLEL    
| P5         FLOPPY      
| P6         5V          
| R1         10          
| R2         10k         
| R3         470         
| R4         470         
| RR1        1k          
| RR2        1k          
| RR3        4.7k        
| RR4        4.7k        
| SW1        RESET       
| U1         Z84C00      
| U2         ST39SF040   
| U3         AS6C4008    
| U4         PC16550D    
| U5         CP82C55A    
| U6         WD37C65C    
| U7         Z84C30      
| U8         74LS670     
| U9         74LS670     
| U10        74LS174     
| U11        74ALS139    
| U12        74LS138     
| U13        74LS125     
| U14        74LS74      
| U15        74LS32      
| U16        74LS14      
| U17        8MHz        
| U18        1.8432      
| U19        16MHz       
| U20        MAX202      
| U21        DS1302      
| U22        DS1210      
| X1         32768Hz     
#End Cmp

#Cmp ( order = Value )
| CR2032       BT1       
| 0.1uF        C1        
| 0.1uF        C2        
| 0.1uF        C3        
| 0.1uF        C4        
| 0.1uF        C5        
| 0.1uF        C6        
| 0.1uF        C7        
| 0.1uF        C8        
| 0.1uF        C9        
| 0.1uF        C10       
| 0.1uF        C11       
| 0.1uF        C12       
| 0.1uF        C13       
| 0.1uF        C14       
| 0.1uF        C15       
| 0.1uF        C16       
| 0.1uF        C17       
| 0.1uF        C18       
| 0.1uF        C19       
| 0.1uF        C20       
| 0.1uF        C21       
| 0.1uF        C22       
| 0.1uF        C23       
| 0.1uF        C24       
| 10uF         C26       
| 47uF         C25       
| 1N4148       D1        
| PWR          D2        
| HALT         D3        
| CONN_1       HOLE1     
| CONN_1       HOLE2     
| CONN_1       HOLE3     
| CONN_1       HOLE4     
| CONFIG       JP1       
| PIN25 GND/VCC JP2       
| POWER        P1        
| RESET        P2        
| SERIAL       P3        
| PARALLEL     P4        
| FLOPPY       P5        
| 5V           P6        
| 10           R1        
| 470          R3        
| 470          R4        
| 10k          R2        
| 1k           RR1       
| 1k           RR2       
| 4.7k         RR3       
| 4.7k         RR4       
| RESET        SW1       
| 1.8432       U18       
| 8MHz         U17       
| 16MHz        U19       
| Z84C00       U1        
| ST39SF040    U2        
| AS6C4008     U3        
| PC16550D     U4        
| CP82C55A     U5        
| WD37C65C     U6        
| Z84C30       U7        
| 74LS670      U8        
| 74LS670      U9        
| 74LS174      U10       
| 74ALS139     U11       
| 74LS138      U12       
| 74LS125      U13       
| 74LS74       U14       
| 74LS32       U15       
| 74LS14       U16       
| MAX202       U20       
| DS1302       U21       
| DS1210       U22       
| 32768Hz      X1        
#End Cmp

#End List
